c:\users\user\source\repos\gdi_first_game\c++homework\x64\debug\vc143.pdb
c:\users\user\source\repos\gdi_first_game\c++homework\x64\debug\vc143.idb
c:\users\user\source\repos\gdi_first_game\c++homework\x64\debug\gdi_first_game.obj
c:\users\user\source\repos\gdi_first_game\c++homework\x64\debug\c++homework.obj
c:\users\user\source\repos\gdi_first_game\c++homework\x64\debug\c++homework.ilk
c:\users\user\source\repos\gdi_first_game\x64\debug\gdi_first_game.pdb
c:\users\user\source\repos\gdi_first_game\c++homework\x64\debug\gdi_first_game.tlog\cl.command.1.tlog
c:\users\user\source\repos\gdi_first_game\c++homework\x64\debug\gdi_first_game.tlog\cl.read.1.tlog
c:\users\user\source\repos\gdi_first_game\c++homework\x64\debug\gdi_first_game.tlog\cl.write.1.tlog
c:\users\user\source\repos\gdi_first_game\c++homework\x64\debug\gdi_first_game.tlog\link-cvtres.read.1.tlog
c:\users\user\source\repos\gdi_first_game\c++homework\x64\debug\gdi_first_game.tlog\link-cvtres.write.1.tlog
c:\users\user\source\repos\gdi_first_game\c++homework\x64\debug\gdi_first_game.tlog\link-rc.read.1.tlog
c:\users\user\source\repos\gdi_first_game\c++homework\x64\debug\gdi_first_game.tlog\link-rc.write.1.tlog
c:\users\user\source\repos\gdi_first_game\c++homework\x64\debug\gdi_first_game.tlog\link.command.1.tlog
c:\users\user\source\repos\gdi_first_game\c++homework\x64\debug\gdi_first_game.tlog\link.read.1.tlog
c:\users\user\source\repos\gdi_first_game\c++homework\x64\debug\gdi_first_game.tlog\link.read.2.tlog
c:\users\user\source\repos\gdi_first_game\c++homework\x64\debug\gdi_first_game.tlog\link.read.3.tlog
c:\users\user\source\repos\gdi_first_game\c++homework\x64\debug\gdi_first_game.tlog\link.read.4.tlog
c:\users\user\source\repos\gdi_first_game\c++homework\x64\debug\gdi_first_game.tlog\link.read.5.tlog
c:\users\user\source\repos\gdi_first_game\c++homework\x64\debug\gdi_first_game.tlog\link.read.6.tlog
c:\users\user\source\repos\gdi_first_game\c++homework\x64\debug\gdi_first_game.tlog\link.write.1.tlog
